2026-05-24 16:09:58,933 - [INFO] - System boot RAM usage: 670.42 MB
2026-05-24 16:09:58,933 - [INFO] - Initializing system and checking for models...
2026-05-24 16:09:58,933 - [INFO] - Local model folder found. Attempting to load offline...
2026-05-24 16:10:00,605 - [INFO] - Local fine-tuned model loaded. RAM usage now: 729.05 MB
2026-05-24 16:10:00,616 - [INFO] - AI Engine is fully operational! Running on: CPU
2026-05-25 18:45:17,891 - [INFO] - Received a new request for sentiment analysis.
2026-05-25 18:45:17,908 - [INFO] - Processing 10 comments. RAM before inference: 732.43 MB
2026-05-25 18:45:32,504 - [INFO] - Processing completed in 14.5945 seconds.
2026-05-25 18:45:32,504 - [INFO] - RAM after inference: 1077.67 MB (Spike: 345.24 MB)
2026-05-25 18:46:40,444 - [INFO] - Received a new request for sentiment analysis.
2026-05-25 18:46:40,445 - [INFO] - Processing 30 comments. RAM before inference: 1077.67 MB
2026-05-25 18:46:57,755 - [INFO] - Processing completed in 17.3091 seconds.
2026-05-25 18:46:57,755 - [INFO] - RAM after inference: 1136.93 MB (Spike: 59.26 MB)
2026-05-25 19:12:18,305 - [INFO] - Received a new request for sentiment analysis.
2026-05-25 19:12:18,306 - [INFO] - Processing 20 comments. RAM before inference: 1136.93 MB
2026-05-25 19:12:28,856 - [INFO] - Processing completed in 10.5489 seconds.
2026-05-25 19:12:28,857 - [INFO] - RAM after inference: 1121.35 MB (Spike: -15.58 MB)
2026-05-25 19:50:24,791 - [INFO] - Received a new request for sentiment analysis.
2026-05-25 19:50:24,794 - [INFO] - Processing 10 comments. RAM before inference: 1121.35 MB
2026-05-25 19:50:29,575 - [INFO] - Processing completed in 4.7784 seconds.
2026-05-25 19:50:29,575 - [INFO] - RAM after inference: 1151.85 MB (Spike: 30.50 MB)
2026-05-25 19:50:29,577 - [INFO] - Received a new request for sentiment analysis.
2026-05-25 19:50:29,578 - [INFO] - Processing 10 comments. RAM before inference: 1151.85 MB
2026-05-25 19:50:34,070 - [INFO] - Processing completed in 4.4915 seconds.
2026-05-25 19:50:34,071 - [INFO] - RAM after inference: 1155.72 MB (Spike: 3.88 MB)
2026-05-25 19:50:34,073 - [INFO] - Received a new request for sentiment analysis.
2026-05-25 19:50:34,074 - [INFO] - Processing 10 comments. RAM before inference: 1155.72 MB
2026-05-25 19:50:39,023 - [INFO] - Processing completed in 4.9483 seconds.
2026-05-25 19:50:39,023 - [INFO] - RAM after inference: 1160.72 MB (Spike: 5.00 MB)
2026-05-25 19:52:02,800 - [INFO] - Received a new request for sentiment analysis.
2026-05-25 19:52:02,803 - [INFO] - Processing 10 comments. RAM before inference: 1160.72 MB
2026-05-25 19:52:07,136 - [INFO] - Processing completed in 4.3314 seconds.
2026-05-25 19:52:07,138 - [INFO] - RAM after inference: 1160.72 MB (Spike: 0.00 MB)
2026-05-25 19:52:07,142 - [INFO] - Received a new request for sentiment analysis.
2026-05-25 19:52:07,143 - [INFO] - Processing 10 comments. RAM before inference: 1160.72 MB
2026-05-25 19:52:12,041 - [INFO] - Processing completed in 4.8971 seconds.
2026-05-25 19:52:12,042 - [INFO] - RAM after inference: 1160.72 MB (Spike: 0.00 MB)
2026-05-25 19:52:12,055 - [INFO] - Received a new request for sentiment analysis.
2026-05-25 19:52:12,056 - [INFO] - Processing 10 comments. RAM before inference: 1160.72 MB
2026-05-25 19:52:16,221 - [INFO] - Processing completed in 4.1644 seconds.
2026-05-25 19:52:16,221 - [INFO] - RAM after inference: 1160.72 MB (Spike: 0.00 MB)
2026-05-25 19:52:58,532 - [INFO] - Received a new request for sentiment analysis.
2026-05-25 19:52:58,534 - [INFO] - Processing 10 comments. RAM before inference: 1160.72 MB
2026-05-25 19:53:00,305 - [INFO] - Processing completed in 1.7698 seconds.
2026-05-25 19:53:00,305 - [INFO] - RAM after inference: 1162.35 MB (Spike: 1.62 MB)
2026-05-25 19:53:00,321 - [INFO] - Received a new request for sentiment analysis.
2026-05-25 19:53:00,334 - [INFO] - Processing 10 comments. RAM before inference: 1162.35 MB
2026-05-25 19:53:05,576 - [INFO] - Processing completed in 5.2410 seconds.
2026-05-25 19:53:05,583 - [INFO] - RAM after inference: 1163.85 MB (Spike: 1.50 MB)
2026-05-25 19:53:05,590 - [INFO] - Received a new request for sentiment analysis.
2026-05-25 19:53:05,591 - [INFO] - Processing 10 comments. RAM before inference: 1163.85 MB
2026-05-25 19:53:07,825 - [INFO] - Processing completed in 2.2331 seconds.
2026-05-25 19:53:07,829 - [INFO] - RAM after inference: 1165.22 MB (Spike: 1.38 MB)
2026-05-25 19:53:16,786 - [INFO] - Received a new request for sentiment analysis.
2026-05-25 19:53:16,789 - [INFO] - Processing 10 comments. RAM before inference: 1165.22 MB
2026-05-25 19:53:18,708 - [INFO] - Processing completed in 1.9174 seconds.
2026-05-25 19:53:18,712 - [INFO] - RAM after inference: 1165.22 MB (Spike: 0.00 MB)
2026-05-25 19:53:18,722 - [INFO] - Received a new request for sentiment analysis.
2026-05-25 19:53:18,723 - [INFO] - Processing 10 comments. RAM before inference: 1165.22 MB
2026-05-25 19:53:24,270 - [INFO] - Processing completed in 5.5455 seconds.
2026-05-25 19:53:24,270 - [INFO] - RAM after inference: 1169.10 MB (Spike: 3.88 MB)
2026-05-25 19:53:24,272 - [INFO] - Received a new request for sentiment analysis.
2026-05-25 19:53:24,273 - [INFO] - Processing 10 comments. RAM before inference: 1169.10 MB
2026-05-25 19:53:26,921 - [INFO] - Processing completed in 2.6473 seconds.
2026-05-25 19:53:26,921 - [INFO] - RAM after inference: 1169.10 MB (Spike: 0.00 MB)
2026-05-25 19:57:52,632 - [INFO] - Received a new request for sentiment analysis.
2026-05-25 19:57:52,636 - [INFO] - Processing 10 comments. RAM before inference: 1169.10 MB
2026-05-25 19:57:54,643 - [INFO] - Processing completed in 2.0049 seconds.
2026-05-25 19:57:54,645 - [INFO] - RAM after inference: 1169.10 MB (Spike: 0.00 MB)
2026-05-25 19:57:54,647 - [INFO] - Received a new request for sentiment analysis.
2026-05-25 19:57:54,650 - [INFO] - Processing 10 comments. RAM before inference: 1169.10 MB
2026-05-25 19:57:57,111 - [INFO] - Processing completed in 2.4608 seconds.
2026-05-25 19:57:57,111 - [INFO] - RAM after inference: 1169.10 MB (Spike: 0.00 MB)
2026-05-25 19:57:57,112 - [INFO] - Received a new request for sentiment analysis.
2026-05-25 19:57:57,113 - [INFO] - Processing 10 comments. RAM before inference: 1169.10 MB
2026-05-25 19:58:02,620 - [INFO] - Processing completed in 5.5070 seconds.
2026-05-25 19:58:02,621 - [INFO] - RAM after inference: 1169.10 MB (Spike: 0.00 MB)
2026-05-25 20:20:32,057 - [INFO] - System boot RAM usage: 672.23 MB
2026-05-25 20:20:32,058 - [INFO] - Initializing system and checking for models...
2026-05-25 20:20:32,058 - [INFO] - Local model folder found. Attempting to load offline...
2026-05-25 20:20:33,643 - [INFO] - Local fine-tuned model loaded. RAM usage now: 731.02 MB
2026-05-25 20:20:33,649 - [INFO] - AI Engine is fully operational! Running on: CPU
2026-05-25 20:21:52,333 - [INFO] - Received a new request for sentiment analysis.
2026-05-25 20:21:52,334 - [INFO] - Processing 10 comments. RAM before inference: 734.65 MB
2026-05-25 20:21:54,515 - [INFO] - Processing completed in 2.1800 seconds.
2026-05-25 20:21:54,519 - [INFO] - RAM after inference: 1075.31 MB (Spike: 340.66 MB)
2026-05-25 20:21:54,520 - [INFO] - Received a new request for sentiment analysis.
2026-05-25 20:21:54,522 - [INFO] - Processing 10 comments. RAM before inference: 1075.31 MB
2026-05-25 20:21:56,442 - [INFO] - Processing completed in 1.9181 seconds.
2026-05-25 20:21:56,449 - [INFO] - RAM after inference: 1084.19 MB (Spike: 8.88 MB)
2026-05-25 20:21:56,455 - [INFO] - Received a new request for sentiment analysis.
2026-05-25 20:21:56,457 - [INFO] - Processing 10 comments. RAM before inference: 1084.19 MB
2026-05-25 20:22:01,995 - [INFO] - Processing completed in 5.5379 seconds.
2026-05-25 20:22:01,997 - [INFO] - RAM after inference: 1106.27 MB (Spike: 22.09 MB)
2026-05-25 20:22:10,031 - [INFO] - Received a new request for sentiment analysis.
2026-05-25 20:22:10,036 - [INFO] - Processing 10 comments. RAM before inference: 1106.27 MB
2026-05-25 20:22:12,200 - [INFO] - Processing completed in 2.1625 seconds.
2026-05-25 20:22:12,200 - [INFO] - RAM after inference: 1106.27 MB (Spike: 0.00 MB)
2026-05-25 20:22:12,207 - [INFO] - Received a new request for sentiment analysis.
2026-05-25 20:22:12,210 - [INFO] - Processing 10 comments. RAM before inference: 1106.27 MB
2026-05-25 20:22:14,091 - [INFO] - Processing completed in 1.8798 seconds.
2026-05-25 20:22:14,091 - [INFO] - RAM after inference: 1106.27 MB (Spike: 0.00 MB)
2026-05-25 20:22:14,095 - [INFO] - Received a new request for sentiment analysis.
2026-05-25 20:22:14,096 - [INFO] - Processing 10 comments. RAM before inference: 1106.27 MB
2026-05-25 20:22:19,415 - [INFO] - Processing completed in 5.3180 seconds.
2026-05-25 20:22:19,416 - [INFO] - RAM after inference: 1106.34 MB (Spike: 0.07 MB)
2026-05-25 20:22:26,726 - [INFO] - Received a new request for sentiment analysis.
2026-05-25 20:22:26,727 - [INFO] - Processing 10 comments. RAM before inference: 1106.34 MB
2026-05-25 20:22:28,918 - [INFO] - Processing completed in 2.1904 seconds.
2026-05-25 20:22:28,922 - [INFO] - RAM after inference: 1106.34 MB (Spike: 0.00 MB)
2026-05-25 20:22:28,933 - [INFO] - Received a new request for sentiment analysis.
2026-05-25 20:22:28,936 - [INFO] - Processing 10 comments. RAM before inference: 1106.34 MB
2026-05-25 20:22:30,349 - [INFO] - Processing completed in 1.4120 seconds.
2026-05-25 20:22:30,349 - [INFO] - RAM after inference: 1106.34 MB (Spike: 0.00 MB)
2026-05-25 20:22:30,360 - [INFO] - Received a new request for sentiment analysis.
2026-05-25 20:22:30,360 - [INFO] - Processing 10 comments. RAM before inference: 1106.34 MB
2026-05-25 20:22:35,563 - [INFO] - Processing completed in 5.2016 seconds.
2026-05-25 20:22:35,571 - [INFO] - RAM after inference: 1106.41 MB (Spike: 0.07 MB)
2026-05-25 20:22:58,645 - [INFO] - Received a new request for sentiment analysis.
2026-05-25 20:22:58,648 - [INFO] - Processing 10 comments. RAM before inference: 1106.41 MB
2026-05-25 20:23:00,315 - [INFO] - Processing completed in 1.6664 seconds.
2026-05-25 20:23:00,316 - [INFO] - RAM after inference: 1106.41 MB (Spike: 0.00 MB)
2026-05-25 20:23:00,318 - [INFO] - Received a new request for sentiment analysis.
2026-05-25 20:23:00,321 - [INFO] - Processing 10 comments. RAM before inference: 1106.41 MB
2026-05-25 20:23:05,460 - [INFO] - Processing completed in 5.1347 seconds.
2026-05-25 20:23:05,460 - [INFO] - RAM after inference: 1106.37 MB (Spike: -0.04 MB)
2026-05-25 20:23:05,463 - [INFO] - Received a new request for sentiment analysis.
2026-05-25 20:23:05,463 - [INFO] - Processing 10 comments. RAM before inference: 1106.37 MB
2026-05-25 20:23:07,396 - [INFO] - Processing completed in 1.9326 seconds.
2026-05-25 20:23:07,396 - [INFO] - RAM after inference: 1106.37 MB (Spike: 0.00 MB)
2026-05-25 20:23:14,007 - [INFO] - Received a new request for sentiment analysis.
2026-05-25 20:23:14,008 - [INFO] - Processing 10 comments. RAM before inference: 1106.37 MB
2026-05-25 20:23:15,462 - [INFO] - Processing completed in 1.4533 seconds.
2026-05-25 20:23:15,463 - [INFO] - RAM after inference: 1106.37 MB (Spike: 0.00 MB)
2026-05-25 20:23:15,465 - [INFO] - Received a new request for sentiment analysis.
2026-05-25 20:23:15,465 - [INFO] - Processing 10 comments. RAM before inference: 1106.37 MB
2026-05-25 20:23:17,428 - [INFO] - Processing completed in 1.9617 seconds.
2026-05-25 20:23:17,428 - [INFO] - RAM after inference: 1106.37 MB (Spike: 0.00 MB)
2026-05-25 20:23:17,430 - [INFO] - Received a new request for sentiment analysis.
2026-05-25 20:23:17,433 - [INFO] - Processing 10 comments. RAM before inference: 1106.37 MB
2026-05-25 20:23:22,535 - [INFO] - Processing completed in 5.1017 seconds.
2026-05-25 20:23:22,538 - [INFO] - RAM after inference: 1106.48 MB (Spike: 0.11 MB)
2026-05-25 20:42:09,330 - [INFO] - Received a new request for sentiment analysis.
2026-05-25 20:42:09,333 - [INFO] - Processing 10 comments. RAM before inference: 1106.48 MB
2026-05-25 20:42:11,608 - [INFO] - Processing completed in 2.2743 seconds.
2026-05-25 20:42:11,611 - [INFO] - RAM after inference: 1106.48 MB (Spike: 0.00 MB)
2026-05-25 20:42:11,620 - [INFO] - Received a new request for sentiment analysis.
2026-05-25 20:42:11,621 - [INFO] - Processing 10 comments. RAM before inference: 1106.48 MB
2026-05-25 20:42:13,315 - [INFO] - Processing completed in 1.6930 seconds.
2026-05-25 20:42:13,315 - [INFO] - RAM after inference: 1106.48 MB (Spike: 0.00 MB)
2026-05-25 20:42:13,318 - [INFO] - Received a new request for sentiment analysis.
2026-05-25 20:42:13,319 - [INFO] - Processing 10 comments. RAM before inference: 1106.48 MB
2026-05-25 20:42:18,434 - [INFO] - Processing completed in 5.1143 seconds.
2026-05-25 20:42:18,436 - [INFO] - RAM after inference: 1106.45 MB (Spike: -0.03 MB)
2026-05-25 20:44:42,288 - [INFO] - Received a new request for sentiment analysis.
2026-05-25 20:44:42,290 - [INFO] - Processing 10 comments. RAM before inference: 1106.45 MB
2026-05-25 20:44:44,748 - [INFO] - Processing completed in 2.4577 seconds.
2026-05-25 20:44:44,749 - [INFO] - RAM after inference: 1106.45 MB (Spike: 0.00 MB)
2026-05-25 20:44:44,752 - [INFO] - Received a new request for sentiment analysis.
2026-05-25 20:44:44,753 - [INFO] - Processing 10 comments. RAM before inference: 1106.45 MB
2026-05-25 20:44:46,480 - [INFO] - Processing completed in 1.7265 seconds.
2026-05-25 20:44:46,481 - [INFO] - RAM after inference: 1106.45 MB (Spike: 0.00 MB)
2026-05-25 20:44:46,489 - [INFO] - Received a new request for sentiment analysis.
2026-05-25 20:44:46,493 - [INFO] - Processing 10 comments. RAM before inference: 1106.45 MB
2026-05-25 20:44:52,025 - [INFO] - Processing completed in 5.5308 seconds.
2026-05-25 20:44:52,026 - [INFO] - RAM after inference: 1106.48 MB (Spike: 0.03 MB)
2026-05-25 20:45:20,578 - [INFO] - Received a new request for sentiment analysis.
2026-05-25 20:45:20,578 - [INFO] - Processing 10 comments. RAM before inference: 1106.48 MB
2026-05-25 20:45:22,725 - [INFO] - Processing completed in 2.1461 seconds.
2026-05-25 20:45:22,726 - [INFO] - RAM after inference: 1106.48 MB (Spike: 0.00 MB)
2026-05-25 20:45:22,735 - [INFO] - Received a new request for sentiment analysis.
2026-05-25 20:45:22,739 - [INFO] - Processing 10 comments. RAM before inference: 1106.48 MB
2026-05-25 20:45:25,195 - [INFO] - Processing completed in 2.4553 seconds.
2026-05-25 20:45:25,196 - [INFO] - RAM after inference: 1106.48 MB (Spike: 0.00 MB)
2026-05-25 20:45:25,203 - [INFO] - Received a new request for sentiment analysis.
2026-05-25 20:45:25,204 - [INFO] - Processing 10 comments. RAM before inference: 1106.48 MB
2026-05-25 20:45:31,036 - [INFO] - Processing completed in 5.8304 seconds.
2026-05-25 20:45:31,036 - [INFO] - RAM after inference: 1106.48 MB (Spike: 0.00 MB)
2026-05-25 20:47:29,857 - [INFO] - Received a new request for sentiment analysis.
2026-05-25 20:47:29,861 - [INFO] - Processing 10 comments. RAM before inference: 1106.48 MB
2026-05-25 20:47:36,602 - [INFO] - Processing completed in 6.7404 seconds.
2026-05-25 20:47:36,603 - [INFO] - RAM after inference: 1092.17 MB (Spike: -14.32 MB)
2026-05-25 20:47:36,614 - [INFO] - Received a new request for sentiment analysis.
2026-05-25 20:47:36,618 - [INFO] - Processing 10 comments. RAM before inference: 1092.17 MB
2026-05-25 20:47:47,972 - [INFO] - Processing completed in 11.3536 seconds.
2026-05-25 20:47:47,973 - [INFO] - RAM after inference: 1120.07 MB (Spike: 27.90 MB)
2026-05-25 20:47:47,976 - [INFO] - Received a new request for sentiment analysis.
2026-05-25 20:47:47,980 - [INFO] - Processing 10 comments. RAM before inference: 1120.07 MB
2026-05-25 20:47:51,491 - [INFO] - Processing completed in 3.5092 seconds.
2026-05-25 20:47:51,492 - [INFO] - RAM after inference: 1121.20 MB (Spike: 1.12 MB)
2026-05-25 20:47:51,566 - [INFO] - Received a new request for sentiment analysis.
2026-05-25 20:47:51,567 - [INFO] - Processing 10 comments. RAM before inference: 1121.20 MB
2026-05-25 20:47:56,512 - [INFO] - Processing completed in 4.9448 seconds.
2026-05-25 20:47:56,513 - [INFO] - RAM after inference: 1098.07 MB (Spike: -23.12 MB)
2026-05-25 20:47:56,522 - [INFO] - Received a new request for sentiment analysis.
2026-05-25 20:47:56,527 - [INFO] - Processing 10 comments. RAM before inference: 1098.07 MB
2026-05-25 20:48:00,191 - [INFO] - Processing completed in 3.6624 seconds.
2026-05-25 20:48:00,193 - [INFO] - RAM after inference: 1118.45 MB (Spike: 20.38 MB)
2026-05-25 20:48:00,211 - [INFO] - Received a new request for sentiment analysis.
2026-05-25 20:48:00,214 - [INFO] - Processing 10 comments. RAM before inference: 1118.45 MB
2026-05-25 20:48:08,627 - [INFO] - Processing completed in 8.4127 seconds.
2026-05-25 20:48:08,629 - [INFO] - RAM after inference: 1121.32 MB (Spike: 2.88 MB)
2026-05-25 20:48:08,631 - [INFO] - Received a new request for sentiment analysis.
2026-05-25 20:48:08,631 - [INFO] - Processing 10 comments. RAM before inference: 1121.32 MB
2026-05-25 20:48:14,335 - [INFO] - Processing completed in 5.7027 seconds.
2026-05-25 20:48:14,335 - [INFO] - RAM after inference: 1098.15 MB (Spike: -23.18 MB)
2026-05-25 20:48:14,344 - [INFO] - Received a new request for sentiment analysis.
2026-05-25 20:48:14,345 - [INFO] - Processing 10 comments. RAM before inference: 1098.15 MB
2026-05-25 20:48:18,602 - [INFO] - Processing completed in 4.2541 seconds.
2026-05-25 20:48:18,602 - [INFO] - RAM after inference: 1118.52 MB (Spike: 20.38 MB)
2026-05-25 20:48:18,611 - [INFO] - Received a new request for sentiment analysis.
2026-05-25 20:48:18,612 - [INFO] - Processing 10 comments. RAM before inference: 1118.52 MB
2026-05-25 20:48:29,450 - [INFO] - Processing completed in 10.8366 seconds.
2026-05-25 20:48:29,454 - [INFO] - RAM after inference: 1121.29 MB (Spike: 2.77 MB)
2026-05-25 20:48:29,459 - [INFO] - Received a new request for sentiment analysis.
2026-05-25 20:48:29,461 - [INFO] - Processing 10 comments. RAM before inference: 1121.29 MB
2026-05-25 20:48:36,380 - [INFO] - Processing completed in 6.9156 seconds.
2026-05-25 20:48:36,382 - [INFO] - RAM after inference: 1098.19 MB (Spike: -23.10 MB)
2026-05-25 20:48:36,393 - [INFO] - Received a new request for sentiment analysis.
2026-05-25 20:48:36,399 - [INFO] - Processing 10 comments. RAM before inference: 1098.19 MB
2026-05-25 20:48:41,787 - [INFO] - Processing completed in 5.3841 seconds.
2026-05-25 20:48:41,788 - [INFO] - RAM after inference: 1118.69 MB (Spike: 20.50 MB)
2026-05-25 20:48:41,796 - [INFO] - Received a new request for sentiment analysis.
2026-05-25 20:48:41,798 - [INFO] - Processing 10 comments. RAM before inference: 1118.69 MB
2026-05-25 20:48:50,217 - [INFO] - Processing completed in 8.4171 seconds.
2026-05-25 20:48:50,222 - [INFO] - RAM after inference: 1121.40 MB (Spike: 2.71 MB)
2026-05-25 20:48:50,230 - [INFO] - Received a new request for sentiment analysis.
2026-05-25 20:48:50,233 - [INFO] - Processing 1 comments. RAM before inference: 1121.40 MB
2026-05-25 20:48:50,609 - [INFO] - Processing completed in 0.3753 seconds.
2026-05-25 20:48:50,610 - [INFO] - RAM after inference: 1121.65 MB (Spike: 0.25 MB)
2026-05-25 20:48:50,680 - [INFO] - Received a new request for sentiment analysis.
2026-05-25 20:48:50,683 - [INFO] - Processing 10 comments. RAM before inference: 1121.65 MB
2026-05-25 20:48:55,017 - [INFO] - Processing completed in 4.3335 seconds.
2026-05-25 20:48:55,018 - [INFO] - RAM after inference: 1098.48 MB (Spike: -23.16 MB)
2026-05-25 20:48:55,029 - [INFO] - Received a new request for sentiment analysis.
2026-05-25 20:48:55,032 - [INFO] - Processing 10 comments. RAM before inference: 1098.48 MB
2026-05-25 20:48:58,715 - [INFO] - Processing completed in 3.6821 seconds.
2026-05-25 20:48:58,716 - [INFO] - RAM after inference: 1118.98 MB (Spike: 20.50 MB)
2026-05-25 20:48:58,719 - [INFO] - Received a new request for sentiment analysis.
2026-05-25 20:48:58,720 - [INFO] - Processing 10 comments. RAM before inference: 1118.98 MB
2026-05-25 20:49:06,067 - [INFO] - Processing completed in 7.3464 seconds.
2026-05-25 20:49:06,067 - [INFO] - RAM after inference: 1121.65 MB (Spike: 2.66 MB)
2026-05-25 20:50:53,339 - [INFO] - System boot RAM usage: 672.07 MB
2026-05-25 20:50:53,339 - [INFO] - Initializing system and checking for models...
2026-05-25 20:50:53,339 - [INFO] - Local model folder found. Attempting to load offline...
2026-05-25 20:50:54,629 - [INFO] - Local fine-tuned model loaded. RAM usage now: 730.67 MB
2026-05-25 20:50:54,645 - [INFO] - AI Engine is fully operational! Running on: CPU
2026-05-25 20:51:47,837 - [INFO] - Received a new request for sentiment analysis.
2026-05-25 20:51:47,839 - [INFO] - Processing 10 comments. RAM before inference: 734.29 MB
2026-05-25 20:51:52,144 - [INFO] - Processing completed in 4.3039 seconds.
2026-05-25 20:51:52,144 - [INFO] - RAM after inference: 1079.90 MB (Spike: 345.61 MB)
2026-05-25 20:51:52,146 - [INFO] - Received a new request for sentiment analysis.
2026-05-25 20:51:52,146 - [INFO] - Processing 10 comments. RAM before inference: 1079.90 MB
2026-05-25 20:51:55,252 - [INFO] - Processing completed in 3.1045 seconds.
2026-05-25 20:51:55,252 - [INFO] - RAM after inference: 1086.68 MB (Spike: 6.77 MB)
2026-05-25 20:51:55,272 - [INFO] - Received a new request for sentiment analysis.
2026-05-25 20:51:55,273 - [INFO] - Processing 10 comments. RAM before inference: 1086.68 MB
2026-05-25 20:52:02,247 - [INFO] - Processing completed in 6.9730 seconds.
2026-05-25 20:52:02,249 - [INFO] - RAM after inference: 1105.69 MB (Spike: 19.01 MB)
2026-05-25 20:52:10,032 - [INFO] - Received a new request for sentiment analysis.
2026-05-25 20:52:10,035 - [INFO] - Processing 10 comments. RAM before inference: 1105.69 MB
2026-05-25 20:52:13,911 - [INFO] - Processing completed in 3.8753 seconds.
2026-05-25 20:52:13,912 - [INFO] - RAM after inference: 1118.81 MB (Spike: 13.12 MB)
2026-05-25 20:52:13,923 - [INFO] - Received a new request for sentiment analysis.
2026-05-25 20:52:13,953 - [INFO] - Processing 10 comments. RAM before inference: 1089.18 MB
2026-05-25 20:52:17,479 - [INFO] - Processing completed in 3.5250 seconds.
2026-05-25 20:52:17,480 - [INFO] - RAM after inference: 1108.31 MB (Spike: 19.12 MB)
2026-05-25 20:52:17,488 - [INFO] - Received a new request for sentiment analysis.
2026-05-25 20:52:17,489 - [INFO] - Processing 10 comments. RAM before inference: 1108.31 MB
2026-05-25 20:52:25,512 - [INFO] - Processing completed in 8.0229 seconds.
2026-05-25 20:52:25,520 - [INFO] - RAM after inference: 1105.79 MB (Spike: -2.52 MB)
2026-05-25 20:53:12,788 - [INFO] - Received a new request for sentiment analysis.
2026-05-25 20:53:12,790 - [INFO] - Processing 5 comments. RAM before inference: 1105.79 MB
2026-05-25 20:53:14,493 - [INFO] - Processing completed in 1.7025 seconds.
2026-05-25 20:53:14,496 - [INFO] - RAM after inference: 1105.79 MB (Spike: 0.00 MB)
2026-05-25 20:55:10,085 - [INFO] - Received a new request for sentiment analysis.
2026-05-25 20:55:10,094 - [INFO] - Processing 10 comments. RAM before inference: 1105.79 MB
2026-05-25 20:55:14,220 - [INFO] - Processing completed in 4.1252 seconds.
2026-05-25 20:55:14,221 - [INFO] - RAM after inference: 1089.31 MB (Spike: -16.47 MB)
2026-05-25 20:55:14,223 - [INFO] - Received a new request for sentiment analysis.
2026-05-25 20:55:14,224 - [INFO] - Processing 10 comments. RAM before inference: 1089.31 MB
2026-05-25 20:55:17,314 - [INFO] - Processing completed in 3.0899 seconds.
2026-05-25 20:55:17,315 - [INFO] - RAM after inference: 1108.44 MB (Spike: 19.12 MB)
2026-05-25 20:55:17,325 - [INFO] - Received a new request for sentiment analysis.
2026-05-25 20:55:17,326 - [INFO] - Processing 10 comments. RAM before inference: 1108.44 MB
2026-05-25 20:55:24,449 - [INFO] - Processing completed in 7.1227 seconds.
2026-05-25 20:55:24,449 - [INFO] - RAM after inference: 1105.86 MB (Spike: -2.57 MB)
2026-05-25 20:56:19,748 - [INFO] - Received a new request for sentiment analysis.
2026-05-25 20:56:19,749 - [INFO] - Processing 10 comments. RAM before inference: 1105.86 MB
2026-05-25 20:56:25,276 - [INFO] - Processing completed in 5.5265 seconds.
2026-05-25 20:56:25,276 - [INFO] - RAM after inference: 1134.16 MB (Spike: 28.29 MB)
2026-05-25 20:56:25,282 - [INFO] - Received a new request for sentiment analysis.
2026-05-25 20:56:25,286 - [INFO] - Processing 10 comments. RAM before inference: 1134.16 MB
2026-05-25 20:56:31,217 - [INFO] - Processing completed in 5.9290 seconds.
2026-05-25 20:56:31,218 - [INFO] - RAM after inference: 1139.55 MB (Spike: 5.40 MB)
2026-05-25 20:56:31,226 - [INFO] - Received a new request for sentiment analysis.
2026-05-25 20:56:31,227 - [INFO] - Processing 10 comments. RAM before inference: 1139.55 MB
2026-05-25 20:56:36,237 - [INFO] - Processing completed in 5.0089 seconds.
2026-05-25 20:56:36,237 - [INFO] - RAM after inference: 1118.00 MB (Spike: -21.55 MB)
2026-05-26 05:23:18,634 - [INFO] - Received a new request for sentiment analysis.
2026-05-26 05:23:18,636 - [INFO] - Processing 10 comments. RAM before inference: 1118.00 MB
2026-05-26 05:23:20,138 - [INFO] - Processing completed in 1.5021 seconds.
2026-05-26 05:23:20,140 - [INFO] - RAM after inference: 1119.13 MB (Spike: 1.12 MB)
2026-05-26 05:23:20,145 - [INFO] - Received a new request for sentiment analysis.
2026-05-26 05:23:20,146 - [INFO] - Processing 10 comments. RAM before inference: 1119.13 MB
2026-05-26 05:23:22,117 - [INFO] - Processing completed in 1.9701 seconds.
2026-05-26 05:23:22,119 - [INFO] - RAM after inference: 1123.75 MB (Spike: 4.62 MB)
2026-05-26 05:51:06,731 - [INFO] - Received a new request for sentiment analysis.
2026-05-26 05:51:06,735 - [INFO] - Processing 10 comments. RAM before inference: 1123.75 MB
2026-05-26 05:51:08,271 - [INFO] - Processing completed in 1.5348 seconds.
2026-05-26 05:51:08,271 - [INFO] - RAM after inference: 1123.75 MB (Spike: 0.00 MB)
2026-05-26 05:51:08,277 - [INFO] - Received a new request for sentiment analysis.
2026-05-26 05:51:08,282 - [INFO] - Processing 10 comments. RAM before inference: 1123.75 MB
2026-05-26 05:51:09,939 - [INFO] - Processing completed in 1.6564 seconds.
2026-05-26 05:51:09,940 - [INFO] - RAM after inference: 1123.75 MB (Spike: 0.00 MB)
2026-05-26 06:00:01,490 - [INFO] - Received a new request for sentiment analysis.
2026-05-26 06:00:01,497 - [INFO] - Processing 10 comments. RAM before inference: 1123.75 MB
2026-05-26 06:00:02,901 - [INFO] - Processing completed in 1.4029 seconds.
2026-05-26 06:00:02,902 - [INFO] - RAM after inference: 1123.75 MB (Spike: 0.00 MB)
2026-05-26 06:00:02,912 - [INFO] - Received a new request for sentiment analysis.
2026-05-26 06:00:02,915 - [INFO] - Processing 10 comments. RAM before inference: 1123.75 MB
2026-05-26 06:00:04,009 - [INFO] - Processing completed in 1.0906 seconds.
2026-05-26 06:00:04,012 - [INFO] - RAM after inference: 1123.75 MB (Spike: 0.00 MB)
2026-05-26 08:05:35,029 - [INFO] - Received a new request for sentiment analysis.
2026-05-26 08:05:35,030 - [INFO] - Processing 10 comments. RAM before inference: 1123.75 MB
2026-05-26 08:05:38,078 - [INFO] - Processing completed in 3.0478 seconds.
2026-05-26 08:05:38,079 - [INFO] - RAM after inference: 1140.25 MB (Spike: 16.50 MB)
2026-05-26 08:05:38,081 - [INFO] - Received a new request for sentiment analysis.
2026-05-26 08:05:38,081 - [INFO] - Processing 10 comments. RAM before inference: 1140.25 MB
2026-05-26 08:05:40,732 - [INFO] - Processing completed in 2.6499 seconds.
2026-05-26 08:05:40,733 - [INFO] - RAM after inference: 1140.25 MB (Spike: 0.00 MB)
2026-05-26 08:05:55,218 - [INFO] - Received a new request for sentiment analysis.
2026-05-26 08:05:55,221 - [INFO] - Processing 10 comments. RAM before inference: 1140.25 MB
2026-05-26 08:05:57,949 - [INFO] - Processing completed in 2.7277 seconds.
2026-05-26 08:05:57,955 - [INFO] - RAM after inference: 1140.25 MB (Spike: 0.00 MB)
2026-05-26 08:05:57,962 - [INFO] - Received a new request for sentiment analysis.
2026-05-26 08:05:57,962 - [INFO] - Processing 10 comments. RAM before inference: 1140.25 MB
2026-05-26 08:06:00,460 - [INFO] - Processing completed in 2.4962 seconds.
2026-05-26 08:06:00,460 - [INFO] - RAM after inference: 1140.25 MB (Spike: 0.00 MB)
2026-05-26 17:10:23,446 - [INFO] - System boot RAM usage: 667.50 MB
2026-05-26 17:10:23,456 - [INFO] - Initializing system and checking for models...
2026-05-26 17:10:23,456 - [INFO] - Local model folder found. Attempting to load offline...
2026-05-26 17:10:25,866 - [INFO] - Local fine-tuned model loaded. RAM usage now: 725.84 MB
2026-05-26 17:10:25,879 - [INFO] - AI Engine is fully operational! Running on: CPU
2026-05-26 17:10:39,994 - [INFO] - Received a new request for sentiment analysis.
2026-05-26 17:10:39,996 - [INFO] - Processing 7 comments. RAM before inference: 729.59 MB
2026-05-26 17:10:48,615 - [INFO] - Processing completed in 8.6177 seconds.
2026-05-26 17:10:48,616 - [INFO] - RAM after inference: 1073.37 MB (Spike: 343.78 MB)
2026-05-26 17:12:02,905 - [INFO] - Received a new request for sentiment analysis.
2026-05-26 17:12:02,906 - [INFO] - Processing 10 comments. RAM before inference: 1073.38 MB
2026-05-26 17:12:05,897 - [INFO] - Processing completed in 2.9909 seconds.
2026-05-26 17:12:05,897 - [INFO] - RAM after inference: 1083.07 MB (Spike: 9.70 MB)
2026-05-26 17:12:05,903 - [INFO] - Received a new request for sentiment analysis.
2026-05-26 17:12:05,903 - [INFO] - Processing 10 comments. RAM before inference: 1083.07 MB
2026-05-26 17:12:09,473 - [INFO] - Processing completed in 3.5695 seconds.
2026-05-26 17:12:09,474 - [INFO] - RAM after inference: 1091.04 MB (Spike: 7.97 MB)
2026-05-26 17:12:35,409 - [INFO] - Received a new request for sentiment analysis.
2026-05-26 17:12:35,411 - [INFO] - Processing 10 comments. RAM before inference: 1091.04 MB
2026-05-26 17:12:38,949 - [INFO] - Processing completed in 3.5354 seconds.
2026-05-26 17:12:38,949 - [INFO] - RAM after inference: 1091.08 MB (Spike: 0.04 MB)
2026-05-26 17:12:38,951 - [INFO] - Received a new request for sentiment analysis.
2026-05-26 17:12:38,952 - [INFO] - Processing 10 comments. RAM before inference: 1091.08 MB
2026-05-26 17:12:41,901 - [INFO] - Processing completed in 2.9486 seconds.
2026-05-26 17:12:41,903 - [INFO] - RAM after inference: 1086.95 MB (Spike: -4.14 MB)
2026-05-26 21:34:02,108 - [INFO] - System boot RAM usage: 277.50 MB
2026-05-26 21:34:02,108 - [INFO] - Initializing system and checking for models...
2026-05-26 21:34:02,108 - [INFO] - Local model folder found. Attempting to load offline...
2026-05-26 21:34:02,637 - [INFO] - Local fine-tuned model loaded. RAM usage now: 303.12 MB
2026-05-26 21:34:02,641 - [INFO] - AI Engine is fully operational! Running on: CPU
2026-05-26 21:34:02,764 - [INFO] - Starting FastAPI server...
2026-05-26 21:42:41,180 - [INFO] - Received a new request for sentiment analysis.
2026-05-26 21:42:41,181 - [INFO] - Processing 7 comments. RAM before inference: 304.62 MB
2026-05-26 21:42:45,526 - [INFO] - Processing completed in 4.3448 seconds.
2026-05-26 21:42:45,526 - [INFO] - RAM after inference: 665.50 MB (Spike: 360.88 MB)
